ads114s08.c:52:9:getRegisterValue	16	static
ads114s08.c:60:9:adcCountEmulate	4	static
ads114s08.c:84:7:adcStartupRoutine	48	static
ads114s08.c:150:7:changeADCParameters	48	static
ads114s08.c:198:9:readSingleRegister	24	static
ads114s08.c:228:6:readMultipleRegisters	64	static
ads114s08.c:258:6:writeSingleRegister	24	static
ads114s08.c:291:6:writeMultipleRegisters	64	static
ads114s08.c:326:6:sendCommand	16	static
ads114s08.c:354:6:startConversions	8	static
ads114s08.c:376:6:stopConversions	8	static
ads114s08.c:397:6:resetADC	8	static
ads114s08.c:420:9:readConvertedData	16	static
ads114s08.c:501:7:restoreRegisterDefaults	4	static
