main.c:101:5:main	8	static
main.c:197:6:SystemClock_Config	88	static
main.c:242:13:MX_TIM7_Init	24	static
main.c:283:6:delay_us	16	static
main.c:297:6:TIM7_IRQHandler	8	static
main.c:302:6:HAL_TIM_PeriodElapsedCallback	24	static
main.c:316:13:MX_SPI1_Init	8	static
main.c:354:13:MX_DMA_Init	16	static
main.c:375:6:MX_GPIO_Init	40	static
main.c:417:13:MX_TIM1_Init	80	static
main.c:501:13:EXTI15_10_IRQHandler_Config	32	static
main.c:582:6:HAL_SPI_TxRxCpltCallback	16	static
main.c:596:6:HAL_SPI_ErrorCallback	16	static
main.c:609:6:getCurrentTime	16	static
main.c:621:10:getTimeDiff	24	static
main.c:642:6:Error_Handler	4	static
