main.c:100:5:main	8	static
main.c:210:6:SystemClock_Config	88	static
main.c:255:13:MX_TIM7_Init	24	static
main.c:296:6:delay_us	16	static
main.c:310:6:TIM7_IRQHandler	8	static
main.c:315:6:HAL_TIM_PeriodElapsedCallback	24	static
main.c:329:13:MX_SPI1_Init	8	static
main.c:367:13:MX_DMA_Init	16	static
main.c:388:6:MX_GPIO_Init	40	static
main.c:430:13:MX_TIM1_Init	80	static
main.c:514:13:EXTI15_10_IRQHandler_Config	32	static
main.c:595:6:HAL_SPI_TxRxCpltCallback	16	static
main.c:609:6:HAL_SPI_ErrorCallback	16	static
main.c:622:6:getCurrentTime	16	static
main.c:634:10:getTimeDiff	24	static
main.c:652:6:Error_Handler	4	static
